// Jest Snapshot v1, https://jestjs.io/docs/snapshot-testing

exports[`AnthropicChatBot component matches the snapshot 1`] = `
<div>
  <div
    class="MuiBox-root css-yd8sa2"
  >
    <div
      class="MuiBox-root css-0"
    />
    <div
      class="MuiBox-root css-0"
    >
      <form>
        <div
          class="MuiFormControl-root MuiTextField-root css-1myhl20-MuiFormControl-root-MuiTextField-root"
        >
          <div
            autocorrect="off"
            class="MuiInputBase-root MuiOutlinedInput-root MuiInputBase-colorPrimary MuiInputBase-formControl MuiInputBase-multiline css-xrmkj5-MuiInputBase-root-MuiOutlinedInput-root"
          >
            <textarea
              aria-invalid="false"
              class="MuiInputBase-input MuiOutlinedInput-input MuiInputBase-inputMultiline css-w4nesw-MuiInputBase-input-MuiOutlinedInput-input"
              id="«r0»"
              placeholder="ask me anything..."
              rows="4"
              style="height: 0px; overflow: hidden;"
            />
            <textarea
              aria-hidden="true"
              class="MuiInputBase-input MuiOutlinedInput-input MuiInputBase-inputMultiline css-w4nesw-MuiInputBase-input-MuiOutlinedInput-input"
              readonly=""
              style="visibility: hidden; position: absolute; overflow: hidden; height: 0px; top: 0px; left: 0px; transform: translateZ(0); padding-top: 0px; padding-bottom: 0px; width: 100%;"
              tabindex="-1"
            />
            <fieldset
              aria-hidden="true"
              class="MuiOutlinedInput-notchedOutline css-1ll44ll-MuiOutlinedInput-notchedOutline"
            >
              <legend
                class="css-w4cd9x"
              >
                <span
                  aria-hidden="true"
                  class="notranslate"
                >
                  ​
                </span>
              </legend>
            </fieldset>
          </div>
        </div>
        <div
          class="MuiBox-root css-0"
        >
          <div
            class="MuiBox-root css-zwejfv"
          >
            <button
              class="MuiButtonBase-root MuiButton-root MuiButton-contained MuiButton-containedSuccess MuiButton-sizeSmall MuiButton-containedSizeSmall MuiButton-colorSuccess Mui-disabled MuiButton-root MuiButton-contained MuiButton-containedSuccess MuiButton-sizeSmall MuiButton-containedSizeSmall MuiButton-colorSuccess css-luznjw-MuiButtonBase-root-MuiButton-root"
              disabled=""
              tabindex="-1"
              type="submit"
            >
              <span
                class="MuiButton-loadingWrapper"
                style="display: contents;"
              />
              Go
            </button>
          </div>
        </div>
      </form>
    </div>
  </div>
</div>
`;
